// Jest Snapshot v1, https://goo.gl/fbAQLP

exports[`Navbar renders 1`] = `
<div
  className="MuiBox-root css-5liw95"
>
  <header
    className="MuiPaper-root MuiPaper-elevation MuiPaper-elevation4 MuiAppBar-root MuiAppBar-colorPrimary MuiAppBar-positionStatic css-hip9hq-MuiPaper-root-MuiAppBar-root"
  >
    <div
      className="MuiToolbar-root MuiToolbar-gutters MuiToolbar-regular css-1g467ij-MuiToolbar-root"
    >
      <button
        aria-label="home"
        className="MuiButtonBase-root MuiIconButton-root MuiIconButton-colorInherit MuiIconButton-sizeSmall css-1e0d89p-MuiButtonBase-root-MuiIconButton-root"
        disabled={false}
        onBlur={[Function]}
        onContextMenu={[Function]}
        onDragLeave={[Function]}
        onFocus={[Function]}
        onKeyDown={[Function]}
        onKeyUp={[Function]}
        onMouseDown={[Function]}
        onMouseLeave={[Function]}
        onMouseUp={[Function]}
        onTouchEnd={[Function]}
        onTouchMove={[Function]}
        onTouchStart={[Function]}
        tabIndex={0}
        type="button"
      >
        <div
          className="MuiBox-root css-194zdsd"
          onClick={[Function]}
          onMouseEnter={[Function]}
        >
          <span
            style={
              {
                "background": "none",
                "border": 0,
                "bottom": 0,
                "boxSizing": "border-box",
                "display": "block",
                "height": "initial",
                "left": 0,
                "margin": 0,
                "opacity": 1,
                "overflow": "hidden",
                "padding": 0,
                "position": "absolute",
                "right": 0,
                "top": 0,
                "width": "initial",
              }
            }
          >
            <img
              data-nimg="fill"
              decoding="async"
              onError={[Function]}
              onLoad={[Function]}
              sizes="100vw"
              src="/assets/bransbyLogo.svg"
              srcSet="/assets/bransbyLogo.svg 640w, /assets/bransbyLogo.svg 750w, /assets/bransbyLogo.svg 828w, /assets/bransbyLogo.svg 1080w, /assets/bransbyLogo.svg 1200w, /assets/bransbyLogo.svg 1920w, /assets/bransbyLogo.svg 2048w, /assets/bransbyLogo.svg 3840w"
              style={
                {
                  "border": "none",
                  "bottom": 0,
                  "boxSizing": "border-box",
                  "display": "block",
                  "height": 0,
                  "left": 0,
                  "margin": "auto",
                  "maxHeight": "100%",
                  "maxWidth": "100%",
                  "minHeight": "100%",
                  "minWidth": "100%",
                  "objectFit": undefined,
                  "objectPosition": undefined,
                  "padding": 0,
                  "position": "absolute",
                  "right": 0,
                  "top": 0,
                  "width": 0,
                }
              }
            />
          </span>
        </div>
      </button>
      <button
        aria-label="open navigation menu"
        className="MuiButtonBase-root MuiIconButton-root MuiIconButton-colorInherit MuiIconButton-sizeMedium css-zylse7-MuiButtonBase-root-MuiIconButton-root"
        disabled={false}
        onBlur={[Function]}
        onClick={[Function]}
        onContextMenu={[Function]}
        onDragLeave={[Function]}
        onFocus={[Function]}
        onKeyDown={[Function]}
        onKeyUp={[Function]}
        onMouseDown={[Function]}
        onMouseLeave={[Function]}
        onMouseUp={[Function]}
        onTouchEnd={[Function]}
        onTouchMove={[Function]}
        onTouchStart={[Function]}
        tabIndex={0}
        type="button"
      >
        <svg
          aria-hidden={true}
          className="MuiSvgIcon-root MuiSvgIcon-fontSizeMedium css-1x8yd2s-MuiSvgIcon-root"
          data-testid="MenuIcon"
          focusable="false"
          viewBox="0 0 24 24"
        >
          <path
            d="M3 18h18v-2H3v2zm0-5h18v-2H3v2zm0-7v2h18V6H3z"
          />
        </svg>
      </button>
    </div>
  </header>
</div>
`;
