// Jest Snapshot v1, https://goo.gl/fbAQLP

exports[`NavigationGrid renders 1`] = `
<div
  className="MuiGrid-root MuiGrid-container css-y8o7sp-MuiGrid-root"
/>
`;
