// Jest Snapshot v1, https://goo.gl/fbAQLP

exports[`NewTrainingSession provider renders 1`] = `
<div>
  app
</div>
`;
